// Jest Snapshot v1, https://goo.gl/fbAQLP

exports[`Organizations Component 1`] = `"<div><div class=\\"\\"><section class=\\"\\"><div><img alt=\\"logo\\"><h2>Organizations</h2></div><div class=\\"\\"><div></div><div><header><h1>Settings of undefined organization</h1></header><form><label for=\\"secret\\">Checkmarx Go Secret</label><textarea placeholder=\\"Secret\\" id=\\"secret\\"></textarea><label for=\\"team\\">Team</label><textarea placeholder=\\"Team\\" id=\\"team\\"></textarea></form><footer><button variant=\\"link\\" class=\\"\\">Cancel</button><button class=\\"\\">Submit</button></footer></div></div></section><section><h2>Repositories</h2><h3>Please select organization.</h3></section></div></div>"`;
