// Jest Snapshot v1, https://goo.gl/fbAQLP

exports[`SideBar Component 1`] = `"<section class=\\"\\"><div><img alt=\\"logo\\"/><h2>Organizations</h2></div><div class=\\"\\"><input placeholder=\\"Search\\" value=\\"\\" class=\\"\\"/></div><ul><li data-name=\\"test_id\\" class=\\"\\"><span>test 1</span></li><li data-name=\\"test_id_2\\" class=\\"\\"><span>test 2</span></li></ul><div class=\\"\\"><div></div><div><header><h1>Settings of undefined organization</h1></header><form><label for=\\"secret\\">Checkmarx Go Secret</label><textarea placeholder=\\"Secret\\" id=\\"secret\\"></textarea><label for=\\"team\\">Team</label><textarea placeholder=\\"Team\\" id=\\"team\\"></textarea></form><footer><button variant=\\"link\\" class=\\"\\">Cancel</button><button class=\\"\\">Submit</button></footer></div></div></section>"`;

exports[`SideBar Component 2`] = `"<section class=\\"\\"><div><img alt=\\"logo\\"/><h2>Organizations</h2></div><h3>Loading...</h3><div class=\\"\\"><div></div><div><header><h1>Settings of undefined organization</h1></header><form><label for=\\"secret\\">Checkmarx Go Secret</label><textarea placeholder=\\"Secret\\" id=\\"secret\\"></textarea><label for=\\"team\\">Team</label><textarea placeholder=\\"Team\\" id=\\"team\\"></textarea></form><footer><button variant=\\"link\\" class=\\"\\">Cancel</button><button class=\\"\\">Submit</button></footer></div></div></section>"`;
