// Jest Snapshot v1, https://goo.gl/fbAQLP

exports[`Input Component without error 1`] = `"<div class=\\"\\"><input class=\\"\\"/></div>"`;

exports[`Input Component without error 2`] = `"<div class=\\"testClass\\"><input class=\\"\\"/></div>"`;

exports[`Input Component without error 3`] = `"<div class=\\"testClass\\"><input class=\\"\\"/></div>"`;
